16:26:24 **** Incremental Build of configuration Debug for project 1_Puente_H_Control_REF ****
make -j32 all 
arm-none-eabi-gcc "../Core/Src/main.c" -mcpu=cortex-m4 -std=gnu11 -g3 -DDEBUG -DUSE_HAL_DRIVER -DSTM32F411xE -c -I../Core/Inc -I../Drivers/STM32F4xx_HAL_Driver/Inc -I../Drivers/STM32F4xx_HAL_Driver/Inc/Legacy -I../Drivers/CMSIS/Device/ST/STM32F4xx/Include -I../Drivers/CMSIS/Include -O0 -ffunction-sections -fdata-sections -Wall -fstack-usage -fcyclomatic-complexity -MMD -MP -MF"Core/Src/main.d" -MT"Core/Src/main.o" --specs=nano.specs -mfpu=fpv4-sp-d16 -mfloat-abi=hard -mthumb -o "Core/Src/main.o"
arm-none-eabi-gcc "../Core/Src/stm32f4xx_hal_msp.c" -mcpu=cortex-m4 -std=gnu11 -g3 -DDEBUG -DUSE_HAL_DRIVER -DSTM32F411xE -c -I../Core/Inc -I../Drivers/STM32F4xx_HAL_Driver/Inc -I../Drivers/STM32F4xx_HAL_Driver/Inc/Legacy -I../Drivers/CMSIS/Device/ST/STM32F4xx/Include -I../Drivers/CMSIS/Include -O0 -ffunction-sections -fdata-sections -Wall -fstack-usage -fcyclomatic-complexity -MMD -MP -MF"Core/Src/stm32f4xx_hal_msp.d" -MT"Core/Src/stm32f4xx_hal_msp.o" --specs=nano.specs -mfpu=fpv4-sp-d16 -mfloat-abi=hard -mthumb -o "Core/Src/stm32f4xx_hal_msp.o"
arm-none-eabi-gcc "../Core/Src/stm32f4xx_it.c" -mcpu=cortex-m4 -std=gnu11 -g3 -DDEBUG -DUSE_HAL_DRIVER -DSTM32F411xE -c -I../Core/Inc -I../Drivers/STM32F4xx_HAL_Driver/Inc -I../Drivers/STM32F4xx_HAL_Driver/Inc/Legacy -I../Drivers/CMSIS/Device/ST/STM32F4xx/Include -I../Drivers/CMSIS/Include -O0 -ffunction-sections -fdata-sections -Wall -fstack-usage -fcyclomatic-complexity -MMD -MP -MF"Core/Src/stm32f4xx_it.d" -MT"Core/Src/stm32f4xx_it.o" --specs=nano.specs -mfpu=fpv4-sp-d16 -mfloat-abi=hard -mthumb -o "Core/Src/stm32f4xx_it.o"
arm-none-eabi-gcc -o "1_Puente_H_Control_REF.elf" @"objects.list"   -mcpu=cortex-m4 -T"C:\Users\abrah\Documents\GitHub\Curso_Robotica_A26\Mecanuum\Codigo\Puente_H_Control\STM32F411CEUX_FLASH.ld" --specs=nosys.specs -Wl,-Map="1_Puente_H_Control_REF.map" -Wl,--gc-sections -static --specs=nano.specs -mfpu=fpv4-sp-d16 -mfloat-abi=hard -mthumb -Wl,--start-group -lc -lm -Wl,--end-group
Finished building target: 1_Puente_H_Control_REF.elf
 
arm-none-eabi-size  1_Puente_H_Control_REF.elf 
arm-none-eabi-objdump -h -S 1_Puente_H_Control_REF.elf  > "1_Puente_H_Control_REF.list"
arm-none-eabi-objcopy  -O ihex 1_Puente_H_Control_REF.elf  "1_Puente_H_Control_REF.hex"
   text	   data	    bss	    dec	    hex	filename
   8644	     12	   1644	  10300	   283c	1_Puente_H_Control_REF.elf
arm-none-eabi-objcopy  -O binary 1_Puente_H_Control_REF.elf  "1_Puente_H_Control_REF.bin"
Finished building: default.size.stdout
 
Finished building: 1_Puente_H_Control_REF.hex
Finished building: 1_Puente_H_Control_REF.bin
 
 
Finished building: 1_Puente_H_Control_REF.list
 

16:26:24 Build Finished. 0 errors, 0 warnings. (took 652ms)

