18:17:06 **** Incremental Build of configuration Debug for project 1_Practica_Guiada ****
make -j32 all 
arm-none-eabi-gcc "../Core/Src/main.c" -mcpu=cortex-m4 -std=gnu11 -g3 -DDEBUG -DUSE_HAL_DRIVER -DSTM32F411xE -c -I../Core/Inc -I../Drivers/STM32F4xx_HAL_Driver/Inc -I../Drivers/STM32F4xx_HAL_Driver/Inc/Legacy -I../Drivers/CMSIS/Device/ST/STM32F4xx/Include -I../Drivers/CMSIS/Include -O0 -ffunction-sections -fdata-sections -Wall -fstack-usage -fcyclomatic-complexity -MMD -MP -MF"Core/Src/main.d" -MT"Core/Src/main.o" --specs=nano.specs -mfpu=fpv4-sp-d16 -mfloat-abi=hard -mthumb -o "Core/Src/main.o"
arm-none-eabi-gcc -o "1_Practica_Guiada.elf" @"objects.list"   -mcpu=cortex-m4 -T"C:\Users\abrah\Documents\GitHub\Curso_Robotica_A26\Mecanuum\Codigo\1_Practica_Guiada\STM32F411CEUX_FLASH.ld" --specs=nosys.specs -Wl,-Map="1_Practica_Guiada.map" -Wl,--gc-sections -static --specs=nano.specs -mfpu=fpv4-sp-d16 -mfloat-abi=hard -mthumb -Wl,--start-group -lc -lm -Wl,--end-group
Finished building target: 1_Practica_Guiada.elf
 
arm-none-eabi-size  1_Practica_Guiada.elf 
arm-none-eabi-objdump -h -S 1_Practica_Guiada.elf  > "1_Practica_Guiada.list"
   text	   data	    bss	    dec	    hex	filename
   8596	     12	   1644	  10252	   280c	1_Practica_Guiada.elf
Finished building: default.size.stdout
 
Finished building: 1_Practica_Guiada.list
 
18:17:19 **** Incremental Build of configuration Debug for project 1_Practica_Guiada ****
make -j32 all 
arm-none-eabi-size  1_Practica_Guiada.elf 
   text	   data	    bss	    dec	    hex	filename
   8596	     12	   1644	  10252	   280c	1_Practica_Guiada.elf
Finished building: default.size.stdout
 
